<?xml version="1.0" encoding="utf-8"?><testsuites><testsuite name="pytest" errors="0" failures="0" skipped="0" tests="2" time="0.214" timestamp="2024-07-28T23:00:16.306328+08:00" hostname="YP0594-NB-EUC2"><testcase classname="test_apps.TestHelloWorld" name="test_hello_world" time="0.008" /><testcase classname="test_apps.TestHelloWorld" name="test_new_page" time="0.001" /></testsuite></testsuites>